
  reel   0%  (9/2150 إطار)
  reel   1%  (30/2150 إطار)
  reel   3%  (68/2150 إطار)
  reel   5%  (116/2150 إطار)
  reel   6%  (147/2150 إطار)
  reel   7%  (171/2150 إطار)
  reel   9%  (196/2150 إطار)
  reel  10%  (219/2150 إطار)
  reel  11%  (243/2150 إطار)
  reel  12%  (270/2150 إطار)
  reel  13%  (293/2150 إطار)
  reel  14%  (316/2150 إطار)
  reel  15%  (343/2150 إطار)
  reel  16%  (365/2150 إطار)
  reel  18%  (391/2150 إطار)
  reel  19%  (422/2150 إطار)
  reel  21%  (456/2150 إطار)
  reel  22%  (485/2150 إطار)
  reel  23%  (513/2150 إطار)
  reel  25%  (546/2150 إطار)
  reel  26%  (571/2150 إطار)
  reel  27%  (597/2150 إطار)
  reel  29%  (625/2150 إطار)
  reel  30%  (652/2150 إطار)
  reel  31%  (679/2150 إطار)
  reel  32%  (708/2150 إطار)
  reel  34%  (742/2150 إطار)
  reel  35%  (772/2150 إطار)
  reel  37%  (805/2150 إطار)
  reel  38%  (836/2150 إطار)
  reel  40%  (864/2150 إطار)
  reel  41%  (897/2150 إطار)
  reel  43%  (930/2150 إطار)
  reel  44%  (958/2150 إطار)
  reel  46%  (992/2150 إطار)
  reel  47%  (1022/2150 إطار)
  reel  48%  (1050/2150 إطار)
  reel  50%  (1080/2150 إطار)
  reel  51%  (1104/2150 إطار)
  reel  52%  (1129/2150 إطار)
  reel  53%  (1157/2150 إطار)
  reel  55%  (1188/2150 إطار)
  reel  56%  (1223/2150 إطار)
  reel  58%  (1258/2150 إطار)
  reel  59%  (1288/2150 إطار)
  reel  61%  (1320/2150 إطار)
  reel  62%  (1346/2150 إطار)
  reel  63%  (1364/2150 إطار)
  reel  64%  (1386/2150 إطار)
  reel  65%  (1409/2150 إطار)
  reel  66%  (1433/2150 إطار)
  reel  67%  (1456/2150 إطار)
  reel  68%  (1481/2150 إطار)
  reel  69%  (1504/2150 إطار)
  reel  71%  (1531/2150 إطار)
  reel  72%  (1553/2150 إطار)
  reel  73%  (1578/2150 إطار)
  reel  74%  (1603/2150 إطار)
  reel  75%  (1629/2150 إطار)
  reel  76%  (1651/2150 إطار)
  reel  77%  (1674/2150 إطار)
  reel  78%  (1696/2150 إطار)
  reel  80%  (1724/2150 إطار)
  reel  81%  (1752/2150 إطار)
  reel  82%  (1774/2150 إطار)
  reel  84%  (1806/2150 إطار)
  reel  85%  (1831/2150 إطار)
  reel  86%  (1857/2150 إطار)
  reel  87%  (1881/2150 إطار)
  reel  88%  (1909/2150 إطار)
  reel  89%  (1933/2150 إطار)
  reel  90%  (1955/2150 إطار)
  reel  92%  (1979/2150 إطار)
  reel  93%  (2003/2150 إطار)
  reel  94%  (2027/2150 إطار)
  reel  95%  (2054/2150 إطار)
  reel  96%  (2079/2150 إطار)
  reel  97%  (2104/2150 إطار)
  reel  99%  (2130/2150 إطار)
  reel 100%  (2150/2150 إطار)
[1/4] المدة الأصلية: 76.0s
[2/4] تفريغ: 200 كلمة
[3/4] 4 مقطع · بعد القص 71.7s (انشال 4.4s)
[4/4] تصدير 1 مقاس: reel
  [reel] 67 كابشن (67 إطار)

✅ خلص  (71.7s)
  reel     1080×1920  fit=crop  خط=45 · 45.5MB  out/reel.mp4
